// Jest Snapshot v1, https://goo.gl/fbAQLP

exports[`Test the App Should match the snapshot 1`] = `
<DocumentFragment>
  <div
    class="sc-dkrFOg ifroPs"
  >
    <h1
      class="sc-eDvSVe dYFFqZ"
    >
      Vulnerability Controller
    </h1>
    <div
      class="sc-hLBbgP dEurWW"
    >
      <input
        class="sc-bcXHqe gqVlpo"
        data-testid="email"
        placeholder="E-mail"
        type="email"
        value=""
      />
      <input
        class="sc-bcXHqe gqVlpo"
        data-testid="password"
        placeholder="Password"
        type="password"
        value=""
      />
      <label
        class="sc-gKPRtg boeerd"
      />
      <button
        class="sc-gswNZR fKyoNG"
      >
        Enter
      </button>
      <label
        class="sc-jSUZER aOBqO"
      >
        Don't have an account?
        <strong
          class="sc-iBYQkv irgwum"
        >
          <a
            href="/signup"
          >
            Â Register
          </a>
        </strong>
      </label>
    </div>
  </div>
</DocumentFragment>
`;
