// Jest Snapshot v1, https://goo.gl/fbAQLP

exports[`Test the Host component Should match the snapshot 1`] = `
<DocumentFragment>
  <div
    class="sc-bcXHqe llzPbo"
  >
    <svg
      fill="currentColor"
      height="1em"
      stroke="currentColor"
      stroke-width="0"
      viewBox="0 0 448 512"
      width="1em"
      xmlns="http://www.w3.org/2000/svg"
    >
      <path
        d="M16 132h416c8.837 0 16-7.163 16-16V76c0-8.837-7.163-16-16-16H16C7.163 60 0 67.163 0 76v40c0 8.837 7.163 16 16 16zm0 160h416c8.837 0 16-7.163 16-16v-40c0-8.837-7.163-16-16-16H16c-8.837 0-16 7.163-16 16v40c0 8.837 7.163 16 16 16zm0 160h416c8.837 0 16-7.163 16-16v-40c0-8.837-7.163-16-16-16H16c-8.837 0-16 7.163-16 16v40c0 8.837 7.163 16 16 16z"
      />
    </svg>
    <svg
      class="logout"
      fill="currentColor"
      height="1em"
      stroke="currentColor"
      stroke-width="0"
      viewBox="0 0 512 512"
      width="1em"
      xmlns="http://www.w3.org/2000/svg"
    >
      <path
        d="M256 8C119 8 8 119 8 256s111 248 248 248 248-111 248-248S393 8 256 8zm0 448c-110.5 0-200-89.5-200-200S145.5 56 256 56s200 89.5 200 200-89.5 200-200 200zm101.8-262.2L295.6 256l62.2 62.2c4.7 4.7 4.7 12.3 0 17l-22.6 22.6c-4.7 4.7-12.3 4.7-17 0L256 295.6l-62.2 62.2c-4.7 4.7-12.3 4.7-17 0l-22.6-22.6c-4.7-4.7-4.7-12.3 0-17l62.2-62.2-62.2-62.2c-4.7-4.7-4.7-12.3 0-17l22.6-22.6c4.7-4.7 12.3-4.7 17 0l62.2 62.2 62.2-62.2c4.7-4.7 12.3-4.7 17 0l22.6 22.6c4.7 4.7 4.7 12.3 0 17z"
      />
    </svg>
  </div>
  <div
    class="sc-eDvSVe eHYKbL"
  >
    <h2
      class="sc-jSUZER drupwc"
    >
      About Volun Count
    </h2>
    <div
      class="sc-eDvSVe eHYKbL"
    >
      <table
        class="sc-gKPRtg fvPwYa"
      >
        <thead>
          <tr>
            <th
              class="sc-iBYQkv hDGMru"
            >
              Name
            </th>
            <th
              class="sc-iBYQkv hDGMru"
            >
              Risk
            </th>
            <th
              class="sc-iBYQkv hDGMru"
            >
              Volun Count
            </th>
            <th
              class="sc-iBYQkv hDGMru"
            >
              IP Address
            </th>
            <th
              class="sc-iBYQkv hDGMru"
            >
              Created
            </th>
            <th
              class="sc-iBYQkv hDGMru"
            >
              Modified
            </th>
          </tr>
        </thead>
        <tbody />
      </table>
    </div>
  </div>
</DocumentFragment>
`;
